
> build
> vite build

[36mvite v7.3.3 [32mbuilding client environment for production...[36m[39m
transforming...
[32mΓ£ô[39m 5 modules transformed.
node.exe : 
[31mΓ£ù[39m Build 
failed in 412ms
At line:1 char:1
+ & "C:\Program Files
\nodejs/node.exe" 
"C:\Program 
Files\nodejs/node_mo 
...
+ ~~~~~~~~~~~~~~~~~~~
~~~~~~~~~~~~~~~~~~~~~
~~~~~~~~~~~~~~~~~~~~~
~~~~~~~~
    + CategoryInfo   
           : NotSpe  
  cified: ([31mΓ£   
 ù[39m Build fai    
led in 412ms:Str    
ing) [], RemoteE    
xception
    + FullyQualified 
   ErrorId : Native  
  CommandError
 
[31merror during 
build:
[31m[vite:esbuild] 
Transform failed 
with 1 error:
C:/Users/ameli/OneDri
ve/Desktop/Portofolio
/resources/js/Compone
nts/Hero.jsx:2:9: 
ERROR: The symbol 
"motion" has already 
been declared[31m
file: [36mC:/Users/a
meli/OneDrive/Desktop
/Portofolio/resources
/js/Components/Hero.j
sx:2:9[31m
[33m
[33mThe symbol 
"motion" has already 
been declared[33m
1  |  import { 
motion } from 
"framer-motion";
2  |  import { 
motion } from 
"framer-motion";
   |           ^
3  |  import { 
ArrowRight, Mail, 
Sparkles } from 
"lucide-react";
4  |  import { 
Github, Linkedin, 
Twitter } from 
"./Icons";
[31m
    at 
failureErrorWithLog (
C:\Users\ameli\OneDri
ve\Desktop\Portofolio
\node_modules\esbuild
\lib\main.js:1748:15)
    at C:\Users\ameli
\OneDrive\Desktop\Por
tofolio\node_modules\
esbuild\lib\main.js:1
017:50
    at responseCallba
cks.<computed> (C:\Us
ers\ameli\OneDrive\De
sktop\Portofolio\node
_modules\esbuild\lib\
main.js:884:9)
    at 
handleIncomingPacket 
(C:\Users\ameli\OneDr
ive\Desktop\Portofoli
o\node_modules\esbuil
d\lib\main.js:939:12)
    at Socket.readFro
mStdout (C:\Users\ame
li\OneDrive\Desktop\P
ortofolio\node_module
s\esbuild\lib\main.js
:862:7)
    at Socket.emit 
(node:events:519:28)
    at addChunk (node
:internal/streams/rea
dable:561:12)
    at readableAddChu
nkPushByteMode (node:
internal/streams/read
able:512:3)
    at Readable.push 
(node:internal/stream
s/readable:392:5)
    at 
Pipe.onStreamRead (no
de:internal/stream_ba
se_commons:189:23)[3
9m
